assert 1: success
assert 2: success
assert 3: success
assert 4: success
assert 5: success
assert 6: success
assert 7: success
assert 8: success
assert 9: success
assert 10: success
